// Jest Snapshot v1, https://goo.gl/fbAQLP

exports[`<App/> it will match the snapshot 1`] = `undefined`;

exports[`<App/> render() should render correctly 1`] = `
<Fragment>
  <h1>
    Tic Tac Toe
  </h1>
</Fragment>
`;
