// Jest Snapshot v1, https://goo.gl/fbAQLP

exports[`<Board/> it will match the snapshot 1`] = `undefined`;
