// Jest Snapshot v1, https://goo.gl/fbAQLP

exports[`<Sauare/> it will match the snapshot 1`] = `undefined`;
